     1                                  section .text
     2                                  
     3                                  global main
     4                                  extern printf
     5                                  
     6 00000000 C8000000                main:       enter 0, 0
     7                                  
     8 00000004 488D3D(00000000)                    lea rdi, [rel Str]
     9 0000000B 488D35(12000000)                    lea rsi, [rel Meow]
    10 00000012 B800000000                          mov rax, 0
    11 00000017 E8(00000000)                        call printf wrt ..plt
    12                                  
    13 0000001C C9                                  leave
    14 0000001D C3                                  ret
    15                                  
    16                                  section .data
    17                                  
    18 00000000 48656C6C6F20707269-     Str:        db "Hello printf! %s", 0x0a, 0
    18 00000009 6E7466212025730A00 
    19 00000012 4D656F7700              Meow:       db "Meow", 0
